+ export PATH=/root/.cargo/bin:/opt/bin:/usr/local/cuda/bin:/usr/local/sbin:/usr/local/bin:/usr/sbin:/usr/bin:/sbin:/bin:/tools/node/bin:/tools/google-cloud-sdk/bin
+ PATH=/root/.cargo/bin:/opt/bin:/usr/local/cuda/bin:/usr/local/sbin:/usr/local/bin:/usr/sbin:/usr/bin:/sbin:/bin:/tools/node/bin:/tools/google-cloud-sdk/bin
+ export CUDA_PATH=/usr/local/cuda
+ CUDA_PATH=/usr/local/cuda
+ '[' '!' -x /root/.cargo/bin/cargo ']'
+ curl --proto =https --tlsv1.2 -sSf https://sh.rustup.rs
+ sh -s -- -y --profile minimal --default-toolchain stable
info: downloading installer
warn: It looks like you have an existing rustup settings file at:
warn: /root/.rustup/settings.toml
warn: Rustup will install the default toolchain as specified in the settings file,
warn: instead of the one inferred from the default host triple.
info: profile set to minimal
info: default host triple is x86_64-unknown-linux-gnu
info: syncing channel updates for stable-x86_64-unknown-linux-gnu
info: latest update on 2026-07-16 for version 1.97.1 (8bab26f4f 2026-07-14)
info: downloading 3 components
info: default toolchain set to stable-x86_64-unknown-linux-gnu

  stable-x86_64-unknown-linux-gnu installed - rustc 1.97.1 (8bab26f4f 2026-07-14)


Rust is installed now. Great!

To get started you may need to restart your current shell.
This would reload your PATH environment variable to include
Cargo's bin directory ($HOME/.cargo/bin).

To configure your current shell, you need to source
the corresponding env file under $HOME/.cargo.

This is usually done by running one of the following (note the leading DOT):
. "$HOME/.cargo/env"            # For sh/bash/zsh/ash/dash/pdksh
source "$HOME/.cargo/env.fish"  # For fish
source "~/.cargo/env.nu"  # For nushell
source "$HOME/.cargo/env.tcsh"  # For tcsh
. "$HOME/.cargo/env.ps1"        # For pwsh
source "$HOME/.cargo/env.xsh"   # For xonsh
+ '[' '!' -d /content/mlrs/.git ']'
+ git clone --depth 50 -b perf/ridge-positive-cuda https://github.com/BectorVoom/mlrs.git /content/mlrs
Cloning into '/content/mlrs'...
+ cd /content/mlrs
+ git fetch origin perf/ridge-positive-cuda
From https://github.com/BectorVoom/mlrs
 * branch            perf/ridge-positive-cuda -> FETCH_HEAD
+ git checkout -B perf/ridge-positive-cuda origin/perf/ridge-positive-cuda
Reset branch 'perf/ridge-positive-cuda'
Branch 'perf/ridge-positive-cuda' set up to track remote branch 'perf/ridge-positive-cuda' from 'origin'.
Your branch is up to date with 'origin/perf/ridge-positive-cuda'.
+ git rev-parse HEAD
46f7cac3d2821b8d2dc7171674061004aacf8af7
+ cargo test -p mlrs-algos --release --features cuda --test ridge_positive_perf_test --no-run
info: syncing channel updates for stable-x86_64-unknown-linux-gnu
info: latest update on 2026-07-16 for version 1.97.1 (8bab26f4f 2026-07-14)
info: downloading component clippy
    Updating crates.io index
 Downloading crates ...
  Downloaded cfg-if v1.0.4
  Downloaded cfg_aliases v0.2.1
  Downloaded addr2line v0.25.1
  Downloaded ciborium-ll v0.2.2
  Downloaded crunchy v0.2.4
  Downloaded chacha20 v0.10.0
  Downloaded inout v0.1.4
  Downloaded const-random v0.1.18
  Downloaded crypto-common v0.1.7
  Downloaded equivalent v1.0.2
  Downloaded ciborium-io v0.2.2
  Downloaded cipher v0.4.4
  Downloaded colorchoice v1.0.5
  Downloaded const-random-macro v0.1.16
  Downloaded cpufeatures v0.3.0
  Downloaded cubecl-macros-internal v0.10.0
  Downloaded adler2 v2.0.1
  Downloaded is_terminal_polyfill v1.70.2
  Downloaded itoa v1.0.18
  Downloaded lexical-write-integer v1.0.6
  Downloaded darling_macro v0.21.3
  Downloaded env_filter v1.0.1
  Downloaded anstyle-query v1.1.5
  Downloaded fnv v1.0.7
  Downloaded futures-core v0.3.32
  Downloaded generic-array v0.14.7
  Downloaded cpufeatures v0.2.17
  Downloaded find-msvc-tools v0.1.9
  Downloaded constant_time_eq v0.1.5
  Downloaded darling_macro v0.23.0
  Downloaded derive-new v0.7.0
  Downloaded dirs v6.0.0
  Downloaded embassy-futures v0.1.2
  Downloaded ident_case v1.0.1
  Downloaded ciborium v0.2.2
  Downloaded csv-core v0.1.13
  Downloaded cubecl-ir v0.10.0
  Downloaded deranged v0.5.8
  Downloaded digest v0.10.7
  Downloaded dirs-sys v0.5.0
  Downloaded either v1.16.0
  Downloaded enumset v1.1.13
  Downloaded enumset_derive v0.15.0
  Downloaded env_logger v0.11.10
  Downloaded event-listener-strategy v0.5.4
  Downloaded fastrand v2.4.1
  Downloaded fixedbitset v0.5.7
  Downloaded flatbuffers v25.12.19
  Downloaded float-ord v0.3.2
  Downloaded float4 v0.2.0
  Downloaded float8 v0.7.0
  Downloaded foldhash v0.1.5
  Downloaded foldhash v0.2.0
  Downloaded futures-io v0.3.32
  Downloaded getrandom v0.2.17
  Downloaded glob v0.3.3
  Downloaded hmac v0.12.1
  Downloaded iana-time-zone v0.1.65
  Downloaded inflections v1.1.1
  Downloaded lexical-parse-integer v1.0.6
  Downloaded powerfmt v0.2.0
  Downloaded serde_spanned v1.1.1
  Downloaded subtle v2.6.1
  Downloaded tiny-keccak v2.0.2
  Downloaded type-map v0.5.1
  Downloaded anstyle-parse v1.0.0
  Downloaded async-channel v2.5.0
  Downloaded block-buffer v0.10.4
  Downloaded byteorder v1.5.0
  Downloaded concurrent-queue v2.5.0
  Downloaded convert_case v0.10.0
  Downloaded crc32fast v1.5.0
  Downloaded crossbeam-utils v0.8.21
  Downloaded cubecl v0.10.0
  Downloaded cubecl-cuda v0.10.0
  Downloaded cubecl-macros v0.10.0
  Downloaded cubecl-std v0.10.0
  Downloaded cubecl-zspace v0.10.0
  Downloaded darling v0.21.3
  Downloaded darling v0.23.0
  Downloaded futures-lite v2.6.1
  Downloaded half v2.7.1
  Downloaded jobserver v0.1.34
  Downloaded lexical-core v1.0.6
  Downloaded md5 v0.8.0
  Downloaded num v0.4.3
  Downloaded num-conv v0.2.2
  Downloaded num-integer v0.1.46
  Downloaded num-iter v0.1.45
  Downloaded option-ext v0.2.0
  Downloaded rustc_version v0.4.1
  Downloaded sanitize-filename v0.6.0
  Downloaded serde_bytes v0.11.19
  Downloaded sha1 v0.10.6
  Downloaded shlex v2.0.1
  Downloaded strsim v0.11.1
  Downloaded time-core v0.1.8
  Downloaded toml_writer v1.1.1+spec-1.1.0
  Downloaded unicode-xid v0.2.6
  Downloaded utf8parse v0.2.2
  Downloaded web-time v1.1.0
  Downloaded zmij v1.0.21
  Downloaded zstd v0.11.2+zstd.1.5.2
  Downloaded atoi v2.0.0
  Downloaded cubecl-common v0.10.0
  Downloaded cubecl-cpp v0.10.0
  Downloaded cubecl-opt v0.10.0
  Downloaded cubek-std v0.2.0
  Downloaded darling_core v0.21.3
  Downloaded darling_core v0.23.0
  Downloaded derive_more v2.1.1
  Downloaded event-listener v5.4.1
  Downloaded getrandom v0.3.4
  Downloaded getrandom v0.4.2
  Downloaded parking v2.2.1
  Downloaded pbkdf2 v0.11.0
  Downloaded pkg-config v0.3.33
  Downloaded py_literal v0.4.0
  Downloaded quote v1.0.45
  Downloaded rand_core v0.6.4
  Downloaded rand_core v0.10.1
  Downloaded rustc-demangle v0.1.27
  Downloaded rustc-hash v2.1.2
  Downloaded scopeguard v1.2.0
  Downloaded simd-adler32 v0.3.9
  Downloaded target-triple v1.0.0
  Downloaded termcolor v1.4.1
  Downloaded variadics_please v1.1.0
  Downloaded xxhash-rust v0.8.15
  Downloaded zip v0.6.6
  Downloaded zstd-safe v5.0.2+zstd.1.5.2
  Downloaded arrow-arith v59.0.0
  Downloaded base64ct v1.8.3
  Downloaded bytemuck_derive v1.10.2
  Downloaded bzip2 v0.4.4
  Downloaded cubecl-runtime v0.10.0
  Downloaded derive_more-impl v2.1.1
  Downloaded flate2 v1.1.9
  Downloaded indexmap v2.14.0
  Downloaded lexical-util v1.0.7
  Downloaded lexical-write-float v1.0.6
  Downloaded lock_api v0.4.14
  Downloaded num-complex v0.4.6
  Downloaded num-rational v0.4.2
  Downloaded once_cell v1.21.4
  Downloaded parking_lot v0.12.5
  Downloaded parking_lot_core v0.9.12
  Downloaded password-hash v0.4.2
  Downloaded paste v1.0.15
  Downloaded pin-project-lite v0.2.17
  Downloaded sha2 v0.10.9
  Downloaded simdutf8 v0.1.5
  Downloaded smallvec v1.15.1
  Downloaded spin v0.10.0
  Downloaded stable-vec v0.4.2
  Downloaded toml v1.1.2+spec-1.1.0
  Downloaded zerocopy-derive v0.8.52
  Downloaded arrow-string v59.0.0
  Downloaded autocfg v1.5.1
  Downloaded bitflags v2.13.0
  Downloaded chrono v0.4.45
  Downloaded cubecl-core v0.10.0
  Downloaded cubek-matmul v0.2.0
  Downloaded hashbrown v0.15.5
  Downloaded hashbrown v0.16.1
  Downloaded hashbrown v0.17.1
  Downloaded itertools v0.14.0
  Downloaded libloading v0.9.0
  Downloaded log v0.4.32
  Downloaded num-traits v0.2.19
  Downloaded oneshot v0.2.1
  Downloaded pest_generator v2.8.6
  Downloaded proc-macro2 v1.0.106
  Downloaded ryu v1.0.23
  Downloaded semver v1.0.28
  Downloaded serde_core v1.0.228
  Downloaded serde_derive v1.0.228
  Downloaded toml_datetime v1.1.1+spec-1.1.0
  Downloaded toml_parser v1.1.2+spec-1.1.0
  Downloaded trybuild v1.0.117
  Downloaded typenum v1.20.1
  Downloaded unicode-segmentation v1.13.3
  Downloaded arrow-csv v59.0.0
  Downloaded arrow-data v59.0.0
  Downloaded arrow-ord v59.0.0
  Downloaded arrow-row v59.0.0
  Downloaded base64 v0.22.1
  Downloaded bytemuck v1.25.0
  Downloaded npyz v0.9.1
  Downloaded pest_derive v2.8.6
  Downloaded pest_meta v2.8.6
  Downloaded prettyplease v0.2.37
  Downloaded arrow v59.0.0
  Downloaded arrow-json v59.0.0
  Downloaded backtrace v0.3.76
  Downloaded bytes v1.11.1
  Downloaded cc v1.2.63
  Downloaded lexical-parse-float v1.0.6
  Downloaded miniz_oxide v0.8.9
  Downloaded serde v1.0.228
  Downloaded arrow-schema v59.0.0
  Downloaded gimli v0.32.3
  Downloaded memchr v2.8.1
  Downloaded rand v0.10.1
  Downloaded syn v2.0.117
  Downloaded zerocopy v0.8.52
  Downloaded arrow-buffer v59.0.0
  Downloaded arrow-cast v59.0.0
  Downloaded arrow-ipc v59.0.0
  Downloaded num-bigint v0.4.6
  Downloaded pest v2.8.6
  Downloaded arrow-select v59.0.0
  Downloaded nom v8.0.0
  Downloaded thiserror-impl v2.0.18
  Downloaded libm v0.2.16
  Downloaded regex v1.12.4
  Downloaded serde_json v1.0.150
  Downloaded thiserror v2.0.18
  Downloaded cudarc v0.19.7
  Downloaded tynm v0.2.0
  Downloaded ucd-trie v0.1.7
  Downloaded unicode-ident v1.0.24
  Downloaded portable-atomic v1.13.1
  Downloaded zstd-sys v2.0.16+zstd.1.5.7
  Downloaded jiff v0.2.28
  Downloaded time v0.3.47
  Downloaded arrow-array v59.0.0
  Downloaded csv v1.4.0
  Downloaded version_check v0.9.5
  Downloaded winnow v1.0.3
  Downloaded aho-corasick v1.1.4
  Downloaded regex-syntax v0.8.11
  Downloaded ahash v0.8.12
  Downloaded aes v0.8.4
  Downloaded object v0.37.3
  Downloaded allocator-api2 v0.2.21
  Downloaded anstyle v1.0.14
  Downloaded anstream v1.0.0
  Downloaded bzip2-sys v0.1.13+1.0.8
  Downloaded regex-automata v0.4.14
  Downloaded petgraph v0.8.3
  Downloaded libc v0.2.186
   Compiling proc-macro2 v1.0.106
   Compiling unicode-ident v1.0.24
   Compiling quote v1.0.45
   Compiling libc v0.2.186
   Compiling autocfg v1.5.1
   Compiling libm v0.2.16
   Compiling syn v2.0.117
   Compiling cfg-if v1.0.4
   Compiling serde_core v1.0.228
   Compiling num-traits v0.2.19
   Compiling serde_derive v1.0.228
   Compiling version_check v0.9.5
   Compiling serde v1.0.228
   Compiling zerocopy v0.8.52
   Compiling zerocopy-derive v0.8.52
   Compiling bytemuck_derive v1.10.2
   Compiling memchr v2.8.1
   Compiling bytemuck v1.25.0
   Compiling num-integer v0.1.46
   Compiling num-bigint v0.4.6
   Compiling half v2.7.1
   Compiling getrandom v0.3.4
   Compiling ahash v0.8.12
   Compiling num-complex v0.4.6
   Compiling once_cell v1.21.4
   Compiling ident_case v1.0.1
   Compiling aho-corasick v1.1.4
   Compiling regex-syntax v0.8.11
   Compiling cfg_aliases v0.2.1
   Compiling hashbrown v0.17.1
   Compiling regex-automata v0.4.14
   Compiling unicode-segmentation v1.13.3
   Compiling adler2 v2.0.1
   Compiling zmij v1.0.21
   Compiling simd-adler32 v0.3.9
   Compiling regex v1.12.4
   Compiling itoa v1.0.18
   Compiling miniz_oxide v0.8.9
   Compiling convert_case v0.10.0
   Compiling serde_json v1.0.150
   Compiling equivalent v1.0.2
   Compiling unicode-xid v0.2.6
   Compiling derive_more-impl v2.1.1
   Compiling pin-project-lite v0.2.17
   Compiling parking v2.2.1
   Compiling strsim v0.11.1
   Compiling crossbeam-utils v0.8.21
   Compiling fnv v1.0.7
   Compiling darling_core v0.21.3
   Compiling darling_core v0.23.0
   Compiling smallvec v1.15.1
   Compiling generic-array v0.14.7
   Compiling derive-new v0.7.0
   Compiling log v0.4.32
   Compiling getrandom v0.4.2
   Compiling winnow v1.0.3
   Compiling rand_core v0.10.1
   Compiling scopeguard v1.2.0
   Compiling parking_lot_core v0.9.12
   Compiling object v0.37.3
   Compiling lock_api v0.4.14
   Compiling toml_parser v1.1.2+spec-1.1.0
   Compiling darling_macro v0.23.0
   Compiling jobserver v0.1.34
   Compiling darling_macro v0.21.3
   Compiling serde_spanned v1.1.1
   Compiling toml_datetime v1.1.1+spec-1.1.0
   Compiling find-msvc-tools v0.1.9
   Compiling gimli v0.32.3
   Compiling typenum v1.20.1
   Compiling ciborium-io v0.2.2
   Compiling option-ext v0.2.0
   Compiling toml_writer v1.1.1+spec-1.1.0
   Compiling futures-core v0.3.32
   Compiling cpufeatures v0.3.0
   Compiling shlex v2.0.1
   Compiling cc v1.2.63
   Compiling addr2line v0.25.1
   Compiling chacha20 v0.10.0
   Compiling toml v1.1.2+spec-1.1.0
   Compiling dirs-sys v0.5.0
   Compiling ciborium-ll v0.2.2
   Compiling concurrent-queue v2.5.0
   Compiling darling v0.21.3
   Compiling darling v0.23.0
   Compiling cubecl-common v0.10.0
   Compiling nom v8.0.0
   Compiling futures-io v0.3.32
   Compiling bytes v1.11.1
   Compiling allocator-api2 v0.2.21
   Compiling fastrand v2.4.1
   Compiling thiserror v2.0.18
   Compiling portable-atomic v1.13.1
   Compiling rustc-demangle v0.1.27
   Compiling pkg-config v0.3.33
   Compiling foldhash v0.2.0
   Compiling prettyplease v0.2.37
   Compiling hashbrown v0.16.1
   Compiling backtrace v0.3.76
   Compiling futures-lite v2.6.1
   Compiling arrow-buffer v59.0.0
   Compiling tynm v0.2.0
   Compiling parking_lot v0.12.5
   Compiling rand v0.10.1
   Compiling enumset_derive v0.15.0
   Compiling event-listener v5.4.1
   Compiling ciborium v0.2.2
   Compiling dirs v6.0.0
   Compiling spin v0.10.0
   Compiling derive_more v2.1.1
   Compiling sanitize-filename v0.6.0
   Compiling float8 v0.7.0
   Compiling thiserror-impl v2.0.18
   Compiling bitflags v2.13.0
   Compiling serde_bytes v0.11.19
   Compiling embassy-futures v0.1.2
   Compiling oneshot v0.2.1
   Compiling xxhash-rust v0.8.15
   Compiling arrow-schema v59.0.0
   Compiling float4 v0.2.0
   Compiling iana-time-zone v0.1.65
   Compiling web-time v1.1.0
   Compiling chrono v0.4.45
   Compiling arrow-data v59.0.0
   Compiling enumset v1.1.13
   Compiling event-listener-strategy v0.5.4
   Compiling cubecl-macros-internal v0.10.0
   Compiling cubecl-runtime v0.10.0
   Compiling variadics_please v1.1.0
   Compiling cudarc v0.19.7
   Compiling float-ord v0.3.2
   Compiling paste v1.0.15
   Compiling cubecl-macros v0.10.0
   Compiling cubecl-ir v0.10.0
   Compiling async-channel v2.5.0
   Compiling arrow-array v59.0.0
   Compiling crypto-common v0.1.7
   Compiling cubecl-zspace v0.10.0
   Compiling indexmap v2.14.0
   Compiling md5 v0.8.0
   Compiling inflections v1.1.1
   Compiling subtle v2.6.1
   Compiling foldhash v0.1.5
   Compiling lexical-util v1.0.7
   Compiling hashbrown v0.15.5
   Compiling cubecl-core v0.10.0
   Compiling zstd-sys v2.0.16+zstd.1.5.7
   Compiling block-buffer v0.10.4
   Compiling libloading v0.9.0
   Compiling num-rational v0.4.2
   Compiling num-iter v0.1.45
   Compiling rustc-hash v2.1.2
   Compiling fixedbitset v0.5.7
   Compiling petgraph v0.8.3
   Compiling type-map v0.5.1
   Compiling num v0.4.3
   Compiling digest v0.10.7
   Compiling arrow-select v59.0.0
   Compiling ucd-trie v0.1.7
   Compiling cpufeatures v0.2.17
   Compiling either v1.16.0
   Compiling stable-vec v0.4.2
   Compiling cubecl-opt v0.10.0
   Compiling itertools v0.14.0
   Compiling pest v2.8.6
   Compiling cubecl-cuda v0.10.0
   Compiling lexical-write-integer v1.0.6
   Compiling lexical-parse-integer v1.0.6
   Compiling bzip2-sys v0.1.13+1.0.8
   Compiling crc32fast v1.5.0
   Compiling semver v1.0.28
   Compiling zstd-safe v5.0.2+zstd.1.5.2
   Compiling rustc_version v0.4.1
   Compiling lexical-parse-float v1.0.6
   Compiling lexical-write-float v1.0.6
   Compiling pest_meta v2.8.6
   Compiling cubecl-cpp v0.10.0
   Compiling inout v0.1.4
   Compiling base64ct v1.8.3
   Compiling cubecl v0.10.0
   Compiling ryu v1.0.23
   Compiling rand_core v0.6.4
   Compiling powerfmt v0.2.0
   Compiling deranged v0.5.8
   Compiling password-hash v0.4.2
   Compiling cipher v0.4.4
   Compiling pest_generator v2.8.6
   Compiling lexical-core v1.0.6
   Compiling flatbuffers v25.12.19
   Compiling sha2 v0.10.9
   Compiling arrow-ord v59.0.0
   Compiling hmac v0.12.1
   Compiling cubecl-std v0.10.0
   Compiling atoi v2.0.0
   Compiling base64 v0.22.1
   Compiling num-conv v0.2.2
   Compiling time-core v0.1.8
   Compiling time v0.3.47
   Compiling arrow-cast v59.0.0
   Compiling pbkdf2 v0.11.0
   Compiling flate2 v1.1.9
   Compiling pest_derive v2.8.6
   Compiling bzip2 v0.4.4
   Compiling zstd v0.11.2+zstd.1.5.2
   Compiling aes v0.8.4
   Compiling sha1 v0.10.6
   Compiling csv-core v0.1.13
   Compiling constant_time_eq v0.1.5
   Compiling byteorder v1.5.0
   Compiling zip v0.6.6
   Compiling csv v1.4.0
   Compiling py_literal v0.4.0
   Compiling simdutf8 v0.1.5
   Compiling arrow-json v59.0.0
   Compiling arrow-ipc v59.0.0
   Compiling npyz v0.9.1
   Compiling arrow-csv v59.0.0
   Compiling cubek-std v0.2.0
   Compiling arrow-string v59.0.0
   Compiling arrow-arith v59.0.0
   Compiling arrow-row v59.0.0
   Compiling target-triple v1.0.0
   Compiling utf8parse v0.2.2
   Compiling anstyle-parse v1.0.0
   Compiling arrow v59.0.0
   Compiling cubek-matmul v0.2.0
   Compiling mlrs-core v0.1.0 (/content/mlrs/crates/mlrs-core)
   Compiling mlrs-kernels v0.1.0 (/content/mlrs/crates/mlrs-kernels)
   Compiling anstyle-query v1.1.5
   Compiling is_terminal_polyfill v1.70.2
   Compiling anstyle v1.0.14
   Compiling colorchoice v1.0.5
   Compiling anstream v1.0.0
   Compiling env_filter v1.0.1
   Compiling glob v0.3.3
   Compiling termcolor v1.4.1
   Compiling jiff v0.2.28
   Compiling mlrs-backend v0.1.0 (/content/mlrs/crates/mlrs-backend)
   Compiling env_logger v0.11.10
   Compiling trybuild v1.0.117
   Compiling mlrs-algos v0.1.0 (/content/mlrs/crates/mlrs-algos)
    Finished `release` profile [optimized] target(s) in 12m 45s
  Executable tests/ridge_positive_perf_test.rs (target/release/deps/ridge_positive_perf_test-db970cb01ff90b34)
+ cargo test -p mlrs-algos --release --features cuda --test ridge_test --no-run
   Compiling mlrs-algos v0.1.0 (/content/mlrs/crates/mlrs-algos)
    Finished `release` profile [optimized] target(s) in 2m 37s
  Executable tests/ridge_test.rs (target/release/deps/ridge_test-9a6d68add0911623)
+ echo '===== CORRECTNESS: device-intercept equivalence on cuda ====='
===== CORRECTNESS: device-intercept equivalence on cuda =====
+ grep -E '^test |test result|drifted'
+ cargo test -p mlrs-algos --release --features cuda --test ridge_test -- --nocapture
test defaults_equal ... ok
test ridge_coef_intercept_alpha_sweep_f64 ... ok
test ridge_coef_intercept_alpha_sweep_f32 ... ok
test ridge_intercept_not_penalized_f32 ... ok
test ridge_intercept_not_penalized_f64 ... ok
test ridge_predict_consistency_f32 ... ok
test ridge_device_intercept_matches_host_f32 ... ok
test result: ok. 7 passed; 0 failed; 0 ignored; 0 measured; 0 filtered out; finished in 3.06s
+ R='cargo test -p mlrs-algos --release --features cuda --test ridge_positive_perf_test -- --ignored --nocapture'
+ echo '===== A. DEVICE intercept (new default) ====='
===== A. DEVICE intercept (new default) =====
+ grep -E 'RIDGE_PROFILE|^ +[0-9]+ +[0-9]+ \|'
+ RIDGE_PROFILE=1
+ MLRS_POS_REPS=9
+ cargo test -p mlrs-algos --release --features cuda --test ridge_positive_perf_test -- --ignored --nocapture
RIDGE_PROFILE n=1000 d=8 solver=lbfgs (host): preprocess=0.0001s solve=0.0000s
RIDGE_PROFILE n=1000 d=8 solver=lbfgs (host): preprocess=0.0001s solve=0.0000s
RIDGE_PROFILE n=1000 d=8 solver=lbfgs (host): preprocess=0.0000s solve=0.0000s
RIDGE_PROFILE n=1000 d=8 solver=lbfgs (host): preprocess=0.0000s solve=0.0000s
RIDGE_PROFILE n=1000 d=8 solver=lbfgs (host): preprocess=0.0000s solve=0.0000s
RIDGE_PROFILE n=1000 d=8 solver=lbfgs (host): preprocess=0.0000s solve=0.0000s
RIDGE_PROFILE n=1000 d=8 solver=lbfgs (host): preprocess=0.0000s solve=0.0000s
RIDGE_PROFILE n=1000 d=8 solver=lbfgs (host): preprocess=0.0001s solve=0.0000s
RIDGE_PROFILE n=1000 d=8 solver=lbfgs (host): preprocess=0.0000s solve=0.0000s
RIDGE_PROFILE n=1000 d=8 solver=lbfgs (host): preprocess=0.0000s solve=0.0000s
RIDGE_PROFILE n=1000 d=8 solver=lbfgs (host): preprocess=0.0001s solve=0.0000s
     1000     8 |     0.0796     0.0000     0.5761 |   host
RIDGE_PROFILE n=10000 d=16 solver=lbfgs (host): preprocess=0.0020s solve=0.0000s
RIDGE_PROFILE n=10000 d=16 solver=lbfgs (host): preprocess=0.0022s solve=0.0000s
RIDGE_PROFILE n=10000 d=16 solver=lbfgs (host): preprocess=0.0020s solve=0.0000s
RIDGE_PROFILE n=10000 d=16 solver=lbfgs (host): preprocess=0.0013s solve=0.0000s
RIDGE_PROFILE n=10000 d=16 solver=lbfgs (host): preprocess=0.0017s solve=0.0000s
RIDGE_PROFILE n=10000 d=16 solver=lbfgs (host): preprocess=0.0022s solve=0.0000s
RIDGE_PROFILE n=10000 d=16 solver=lbfgs (host): preprocess=0.0023s solve=0.0000s
RIDGE_PROFILE n=10000 d=16 solver=lbfgs (host): preprocess=0.0031s solve=0.0000s
RIDGE_PROFILE n=10000 d=16 solver=lbfgs (host): preprocess=0.0016s solve=0.0000s
RIDGE_PROFILE n=10000 d=16 solver=lbfgs (host): preprocess=0.0018s solve=0.0000s
    10000    16 |     1.3523     0.0000     2.4466 |   host
RIDGE_PROFILE n=10000 d=64 solver=lbfgs: preprocess=0.3098s solve=0.7019s tail=0.0001s
RIDGE_PROFILE n=10000 d=64 solver=lbfgs: preprocess=0.0015s solve=0.0003s tail=0.0000s
RIDGE_PROFILE n=10000 d=64 solver=lbfgs: preprocess=0.0012s solve=0.0003s tail=0.0000s
RIDGE_PROFILE n=10000 d=64 solver=lbfgs: preprocess=0.0012s solve=0.0003s tail=0.0000s
RIDGE_PROFILE n=10000 d=64 solver=lbfgs: preprocess=0.0007s solve=0.0003s tail=0.0000s
RIDGE_PROFILE n=10000 d=64 solver=lbfgs: preprocess=0.0007s solve=0.0006s tail=0.0000s
RIDGE_PROFILE n=10000 d=64 solver=lbfgs: preprocess=0.0007s solve=0.0003s tail=0.0000s
RIDGE_PROFILE n=10000 d=64 solver=lbfgs: preprocess=0.0012s solve=0.0003s tail=0.0000s
RIDGE_PROFILE n=10000 d=64 solver=lbfgs: preprocess=0.0007s solve=0.0003s tail=0.0000s
RIDGE_PROFILE n=10000 d=64 solver=lbfgs: preprocess=0.0001s solve=0.0003s tail=0.0000s
    10000    64 |     3.9028     3.4936     0.4853 | device
RIDGE_PROFILE n=100000 d=16 solver=lbfgs: preprocess=0.0019s solve=0.4629s tail=0.0000s
RIDGE_PROFILE n=100000 d=16 solver=lbfgs: preprocess=0.0018s solve=0.0005s tail=0.0000s
RIDGE_PROFILE n=100000 d=16 solver=lbfgs: preprocess=0.0019s solve=0.0005s tail=0.0000s
RIDGE_PROFILE n=100000 d=16 solver=lbfgs: preprocess=0.0020s solve=0.0005s tail=0.0000s
RIDGE_PROFILE n=100000 d=16 solver=lbfgs: preprocess=0.0022s solve=0.0005s tail=0.0000s
RIDGE_PROFILE n=100000 d=16 solver=lbfgs: preprocess=0.0019s solve=0.0006s tail=0.0000s
RIDGE_PROFILE n=100000 d=16 solver=lbfgs: preprocess=0.0018s solve=0.0006s tail=0.0000s
RIDGE_PROFILE n=100000 d=16 solver=lbfgs: preprocess=0.0019s solve=0.0006s tail=0.0000s
RIDGE_PROFILE n=100000 d=16 solver=lbfgs: preprocess=0.0019s solve=0.0006s tail=0.0000s
RIDGE_PROFILE n=100000 d=16 solver=lbfgs: preprocess=0.0002s solve=0.0006s tail=0.0000s
   100000    16 |     8.4170     7.5286     0.9169 | device
RIDGE_PROFILE n=100000 d=64 solver=lbfgs: preprocess=0.0067s solve=0.0013s tail=0.0000s
RIDGE_PROFILE n=100000 d=64 solver=lbfgs: preprocess=0.0077s solve=0.0013s tail=0.0000s
RIDGE_PROFILE n=100000 d=64 solver=lbfgs: preprocess=0.0061s solve=0.0012s tail=0.0000s
RIDGE_PROFILE n=100000 d=64 solver=lbfgs: preprocess=0.0061s solve=0.0012s tail=0.0000s
RIDGE_PROFILE n=100000 d=64 solver=lbfgs: preprocess=0.0059s solve=0.0012s tail=0.0000s
RIDGE_PROFILE n=100000 d=64 solver=lbfgs: preprocess=0.0072s solve=0.0012s tail=0.0000s
RIDGE_PROFILE n=100000 d=64 solver=lbfgs: preprocess=0.0059s solve=0.0012s tail=0.0000s
RIDGE_PROFILE n=100000 d=64 solver=lbfgs: preprocess=0.0058s solve=0.0012s tail=0.0000s
RIDGE_PROFILE n=100000 d=64 solver=lbfgs: preprocess=0.0064s solve=0.0012s tail=0.0000s
RIDGE_PROFILE n=100000 d=64 solver=lbfgs: preprocess=0.0003s solve=0.0012s tail=0.0000s
   100000    64 |    28.6134    28.2265     1.7952 | device
RIDGE_PROFILE n=500000 d=16 solver=lbfgs: preprocess=0.0087s solve=0.0024s tail=0.0000s
RIDGE_PROFILE n=500000 d=16 solver=lbfgs: preprocess=0.0082s solve=0.0023s tail=0.0000s
RIDGE_PROFILE n=500000 d=16 solver=lbfgs: preprocess=0.0081s solve=0.0023s tail=0.0000s
RIDGE_PROFILE n=500000 d=16 solver=lbfgs: preprocess=0.0099s solve=0.0022s tail=0.0000s
RIDGE_PROFILE n=500000 d=16 solver=lbfgs: preprocess=0.0083s solve=0.0022s tail=0.0000s
RIDGE_PROFILE n=500000 d=16 solver=lbfgs: preprocess=0.0145s solve=0.0022s tail=0.0000s
RIDGE_PROFILE n=500000 d=16 solver=lbfgs: preprocess=0.0088s solve=0.0023s tail=0.0000s
RIDGE_PROFILE n=500000 d=16 solver=lbfgs: preprocess=0.0082s solve=0.0023s tail=0.0000s
RIDGE_PROFILE n=500000 d=16 solver=lbfgs: preprocess=0.0081s solve=0.0023s tail=0.0000s
RIDGE_PROFILE n=500000 d=16 solver=lbfgs: preprocess=0.0020s solve=0.0022s tail=0.0000s
   500000    16 |    38.0332    60.7916     4.3936 | device
RIDGE_PROFILE n=100000 d=256 solver=lbfgs: preprocess=0.0245s solve=0.1478s tail=0.0000s
RIDGE_PROFILE n=100000 d=256 solver=lbfgs: preprocess=0.0258s solve=0.0086s tail=0.0000s
RIDGE_PROFILE n=100000 d=256 solver=lbfgs: preprocess=0.0267s solve=0.0086s tail=0.0000s
RIDGE_PROFILE n=100000 d=256 solver=lbfgs: preprocess=0.0277s solve=0.0086s tail=0.0000s
RIDGE_PROFILE n=100000 d=256 solver=lbfgs: preprocess=0.0277s solve=0.0086s tail=0.0000s
RIDGE_PROFILE n=100000 d=256 solver=lbfgs: preprocess=0.0265s solve=0.0086s tail=0.0000s
RIDGE_PROFILE n=100000 d=256 solver=lbfgs: preprocess=0.0269s solve=0.0086s tail=0.0000s
RIDGE_PROFILE n=100000 d=256 solver=lbfgs: preprocess=0.0283s solve=0.0086s tail=0.0000s
RIDGE_PROFILE n=100000 d=256 solver=lbfgs: preprocess=0.0282s solve=0.0086s tail=0.0000s
RIDGE_PROFILE n=100000 d=256 solver=lbfgs: preprocess=0.0045s solve=0.0086s tail=0.0000s
   100000   256 |   317.9631   301.9400    13.3763 | device
+ echo '===== B. HOST intercept (previous) ====='
===== B. HOST intercept (previous) =====
+ RIDGE_PROFILE=1
+ MLRS_POS_REPS=9
+ MLRS_RIDGE_HOST_INTERCEPT=1
+ cargo test -p mlrs-algos --release --features cuda --test ridge_positive_perf_test -- --ignored --nocapture
+ grep -E 'RIDGE_PROFILE|^ +[0-9]+ +[0-9]+ \|'
RIDGE_PROFILE n=1000 d=8 solver=lbfgs (host): preprocess=0.0001s solve=0.0000s
RIDGE_PROFILE n=1000 d=8 solver=lbfgs (host): preprocess=0.0000s solve=0.0000s
RIDGE_PROFILE n=1000 d=8 solver=lbfgs (host): preprocess=0.0000s solve=0.0000s
RIDGE_PROFILE n=1000 d=8 solver=lbfgs (host): preprocess=0.0000s solve=0.0000s
RIDGE_PROFILE n=1000 d=8 solver=lbfgs (host): preprocess=0.0000s solve=0.0000s
RIDGE_PROFILE n=1000 d=8 solver=lbfgs (host): preprocess=0.0000s solve=0.0000s
RIDGE_PROFILE n=1000 d=8 solver=lbfgs (host): preprocess=0.0000s solve=0.0000s
RIDGE_PROFILE n=1000 d=8 solver=lbfgs (host): preprocess=0.0000s solve=0.0000s
RIDGE_PROFILE n=1000 d=8 solver=lbfgs (host): preprocess=0.0001s solve=0.0000s
RIDGE_PROFILE n=1000 d=8 solver=lbfgs (host): preprocess=0.0000s solve=0.0000s
RIDGE_PROFILE n=1000 d=8 solver=lbfgs (host): preprocess=0.0000s solve=0.0000s
     1000     8 |     0.0756     0.0000     0.0788 |   host
RIDGE_PROFILE n=10000 d=16 solver=lbfgs (host): preprocess=0.0013s solve=0.0000s
RIDGE_PROFILE n=10000 d=16 solver=lbfgs (host): preprocess=0.0012s solve=0.0000s
RIDGE_PROFILE n=10000 d=16 solver=lbfgs (host): preprocess=0.0014s solve=0.0000s
RIDGE_PROFILE n=10000 d=16 solver=lbfgs (host): preprocess=0.0010s solve=0.0000s
RIDGE_PROFILE n=10000 d=16 solver=lbfgs (host): preprocess=0.0012s solve=0.0000s
RIDGE_PROFILE n=10000 d=16 solver=lbfgs (host): preprocess=0.0012s solve=0.0000s
RIDGE_PROFILE n=10000 d=16 solver=lbfgs (host): preprocess=0.0014s solve=0.0000s
RIDGE_PROFILE n=10000 d=16 solver=lbfgs (host): preprocess=0.0012s solve=0.0000s
RIDGE_PROFILE n=10000 d=16 solver=lbfgs (host): preprocess=0.0013s solve=0.0000s
RIDGE_PROFILE n=10000 d=16 solver=lbfgs (host): preprocess=0.0014s solve=0.0000s
    10000    16 |     1.3259     0.0000     1.5949 |   host
RIDGE_PROFILE n=10000 d=64 solver=lbfgs: preprocess=0.1746s solve=0.4087s tail=0.0001s
RIDGE_PROFILE n=10000 d=64 solver=lbfgs: preprocess=0.0010s solve=0.0003s tail=0.0001s
RIDGE_PROFILE n=10000 d=64 solver=lbfgs: preprocess=0.0008s solve=0.0003s tail=0.0001s
RIDGE_PROFILE n=10000 d=64 solver=lbfgs: preprocess=0.0009s solve=0.0002s tail=0.0001s
RIDGE_PROFILE n=10000 d=64 solver=lbfgs: preprocess=0.0008s solve=0.0002s tail=0.0001s
RIDGE_PROFILE n=10000 d=64 solver=lbfgs: preprocess=0.0008s solve=0.0002s tail=0.0001s
RIDGE_PROFILE n=10000 d=64 solver=lbfgs: preprocess=0.0008s solve=0.0002s tail=0.0001s
RIDGE_PROFILE n=10000 d=64 solver=lbfgs: preprocess=0.0008s solve=0.0002s tail=0.0001s
RIDGE_PROFILE n=10000 d=64 solver=lbfgs: preprocess=0.0009s solve=0.0002s tail=0.0001s
RIDGE_PROFILE n=10000 d=64 solver=lbfgs: preprocess=0.0001s solve=0.0002s tail=0.0001s
    10000    64 |     3.3194     3.0109     0.4711 | device
RIDGE_PROFILE n=100000 d=16 solver=lbfgs: preprocess=0.0021s solve=0.3131s tail=0.0001s
RIDGE_PROFILE n=100000 d=16 solver=lbfgs: preprocess=0.0019s solve=0.0005s tail=0.0001s
RIDGE_PROFILE n=100000 d=16 solver=lbfgs: preprocess=0.0019s solve=0.0004s tail=0.0001s
RIDGE_PROFILE n=100000 d=16 solver=lbfgs: preprocess=0.0019s solve=0.0004s tail=0.0001s
RIDGE_PROFILE n=100000 d=16 solver=lbfgs: preprocess=0.0021s solve=0.0005s tail=0.0001s
RIDGE_PROFILE n=100000 d=16 solver=lbfgs: preprocess=0.0018s solve=0.0004s tail=0.0001s
RIDGE_PROFILE n=100000 d=16 solver=lbfgs: preprocess=0.0018s solve=0.0004s tail=0.0001s
RIDGE_PROFILE n=100000 d=16 solver=lbfgs: preprocess=0.0018s solve=0.0005s tail=0.0001s
RIDGE_PROFILE n=100000 d=16 solver=lbfgs: preprocess=0.0018s solve=0.0005s tail=0.0001s
RIDGE_PROFILE n=100000 d=16 solver=lbfgs: preprocess=0.0002s solve=0.0004s tail=0.0001s
   100000    16 |     8.1943     6.4117     0.7120 | device
RIDGE_PROFILE n=100000 d=64 solver=lbfgs: preprocess=0.0068s solve=0.0007s tail=0.0002s
RIDGE_PROFILE n=100000 d=64 solver=lbfgs: preprocess=0.0060s solve=0.0007s tail=0.0001s
RIDGE_PROFILE n=100000 d=64 solver=lbfgs: preprocess=0.0060s solve=0.0007s tail=0.0002s
RIDGE_PROFILE n=100000 d=64 solver=lbfgs: preprocess=0.0059s solve=0.0007s tail=0.0002s
RIDGE_PROFILE n=100000 d=64 solver=lbfgs: preprocess=0.0061s solve=0.0007s tail=0.0002s
RIDGE_PROFILE n=100000 d=64 solver=lbfgs: preprocess=0.0059s solve=0.0008s tail=0.0002s
RIDGE_PROFILE n=100000 d=64 solver=lbfgs: preprocess=0.0059s solve=0.0007s tail=0.0002s
RIDGE_PROFILE n=100000 d=64 solver=lbfgs: preprocess=0.0060s solve=0.0012s tail=0.0003s
RIDGE_PROFILE n=100000 d=64 solver=lbfgs: preprocess=0.0074s solve=0.0012s tail=0.0001s
RIDGE_PROFILE n=100000 d=64 solver=lbfgs: preprocess=0.0003s solve=0.0012s tail=0.0002s
   100000    64 |    28.1671    27.2659     1.7286 | device
RIDGE_PROFILE n=500000 d=16 solver=lbfgs: preprocess=0.0091s solve=0.0024s tail=0.0002s
RIDGE_PROFILE n=500000 d=16 solver=lbfgs: preprocess=0.0081s solve=0.0023s tail=0.0003s
RIDGE_PROFILE n=500000 d=16 solver=lbfgs: preprocess=0.0079s solve=0.0022s tail=0.0003s
RIDGE_PROFILE n=500000 d=16 solver=lbfgs: preprocess=0.0125s solve=0.0022s tail=0.0003s
RIDGE_PROFILE n=500000 d=16 solver=lbfgs: preprocess=0.0098s solve=0.0022s tail=0.0005s
RIDGE_PROFILE n=500000 d=16 solver=lbfgs: preprocess=0.0093s solve=0.0024s tail=0.0001s
RIDGE_PROFILE n=500000 d=16 solver=lbfgs: preprocess=0.0085s solve=0.0023s tail=0.0003s
RIDGE_PROFILE n=500000 d=16 solver=lbfgs: preprocess=0.0112s solve=0.0022s tail=0.0003s
RIDGE_PROFILE n=500000 d=16 solver=lbfgs: preprocess=0.0084s solve=0.0022s tail=0.0003s
RIDGE_PROFILE n=500000 d=16 solver=lbfgs: preprocess=0.0009s solve=0.0023s tail=0.0004s
   500000    16 |    39.1007    75.0623     3.7639 | device
RIDGE_PROFILE n=100000 d=256 solver=lbfgs: preprocess=0.0270s solve=0.1589s tail=0.0003s
RIDGE_PROFILE n=100000 d=256 solver=lbfgs: preprocess=0.0267s solve=0.0086s tail=0.0004s
RIDGE_PROFILE n=100000 d=256 solver=lbfgs: preprocess=0.0266s solve=0.0086s tail=0.0003s
RIDGE_PROFILE n=100000 d=256 solver=lbfgs: preprocess=0.0257s solve=0.0086s tail=0.0003s
RIDGE_PROFILE n=100000 d=256 solver=lbfgs: preprocess=0.0337s solve=0.0086s tail=0.0001s
RIDGE_PROFILE n=100000 d=256 solver=lbfgs: preprocess=0.0315s solve=0.0086s tail=0.0006s
RIDGE_PROFILE n=100000 d=256 solver=lbfgs: preprocess=0.0319s solve=0.0086s tail=0.0001s
RIDGE_PROFILE n=100000 d=256 solver=lbfgs: preprocess=0.0370s solve=0.0086s tail=0.0001s
RIDGE_PROFILE n=100000 d=256 solver=lbfgs: preprocess=0.0338s solve=0.0087s tail=0.0001s
RIDGE_PROFILE n=100000 d=256 solver=lbfgs: preprocess=0.0112s solve=0.0086s tail=0.0001s
   100000   256 |   314.6672   366.2631    20.0249 | device
+ echo INTERCEPT_DONE_MARKER
INTERCEPT_DONE_MARKER

